source.edit.kind.active:
  84:10-84:11 source.refactoring.range.kind.basename
source.edit.kind.active:
  86:18-86:19 source.refactoring.range.kind.basename
source.edit.kind.active:
  91:16-91:17 source.refactoring.range.kind.basename
source.edit.kind.active:
  91:33-91:34 source.refactoring.range.kind.basename
source.edit.kind.active:
  91:57-91:58 source.refactoring.range.kind.basename
source.edit.kind.active:
  91:63-91:64 source.refactoring.range.kind.basename
source.edit.kind.active:
  91:74-91:75 source.refactoring.range.kind.basename
