source.edit.kind.active:
  77:10-77:15 source.refactoring.range.kind.basename
source.edit.kind.active:
  80:27-80:32 source.refactoring.range.kind.basename
source.edit.kind.active:
  80:37-80:42 source.refactoring.range.kind.basename
source.edit.kind.active:
  80:45-80:50 source.refactoring.range.kind.basename
