source.edit.kind.active:
  66:7-66:8 source.refactoring.range.kind.basename
source.edit.kind.active:
  75:32-75:33 source.refactoring.range.kind.basename
source.edit.kind.active:
  75:59-75:60 source.refactoring.range.kind.basename
source.edit.kind.active:
  71:7-71:8 source.refactoring.range.kind.basename
source.edit.kind.active:
  75:17-75:18 source.refactoring.range.kind.basename
source.edit.kind.active:
  72:7-72:8 source.refactoring.range.kind.basename
source.edit.kind.active:
  75:39-75:40 source.refactoring.range.kind.basename
source.edit.kind.active:
  65:8-65:19 source.refactoring.range.kind.basename
source.edit.kind.active:
  75:20-75:31 source.refactoring.range.kind.basename
source.edit.kind.active:
  75:42-75:53 source.refactoring.range.kind.basename
source.edit.kind.active:
  70:8-70:19 source.refactoring.range.kind.basename
source.edit.kind.active:
  75:5-75:16 source.refactoring.range.kind.basename
