Func _stdlib_atomicCompareExchangeStrongInt32(object:expected:desired:) has been removed
Func _stdlib_atomicCompareExchangeStrongInt64(object:expected:desired:) has been removed
Func _stdlib_atomicCompareExchangeStrongUInt32(object:expected:desired:) has been removed
Func _stdlib_atomicCompareExchangeStrongUInt64(object:expected:desired:) has been removed
Func _swift_stdlib_atomicFetchAddUInt32(object:operand:) has been removed
Func _swift_stdlib_atomicFetchAddUInt64(object:operand:) has been removed
Func _swift_stdlib_atomicFetchAndUInt32(object:operand:) has been removed
Func _swift_stdlib_atomicFetchAndUInt64(object:operand:) has been removed
Func _swift_stdlib_atomicFetchOrUInt32(object:operand:) has been removed
Func _swift_stdlib_atomicFetchOrUInt64(object:operand:) has been removed
Func _swift_stdlib_atomicFetchXorUInt32(object:operand:) has been removed
Func _swift_stdlib_atomicFetchXorUInt64(object:operand:) has been removed
Func _swift_stdlib_atomicLoadInt32(object:) has been removed
Func _swift_stdlib_atomicLoadInt64(object:) has been removed
Func _swift_stdlib_atomicLoadUInt32(object:) has been removed
Func _swift_stdlib_atomicLoadUInt64(object:) has been removed
Func _swift_stdlib_atomicStoreInt32(object:desired:) has been removed
Func _swift_stdlib_atomicStoreInt64(object:desired:) has been removed
Func _swift_stdlib_atomicStoreUInt32(object:desired:) has been removed
Func _swift_stdlib_atomicStoreUInt64(object:desired:) has been removed
