Protocol CodingKey has added inherited protocol ConcurrentValue
Protocol CodingKey has generic signature change from <Self : Swift.CustomDebugStringConvertible, Self : Swift.CustomStringConvertible> to <Self : Swift.ConcurrentValue, Self : Swift.CustomDebugStringConvertible, Self : Swift.CustomStringConvertible>
Protocol Error has added inherited protocol ConcurrentValue
Protocol Error has generic signature change from to <Self : Swift.ConcurrentValue>
