source.edit.kind.active:
  2:3-2:3 "func new_name() -> Int {
    var a = 3
    a = a + 1
    return 1
  }

  "
  <note>source.refactoring.range.kind.basename 1:6-1:14 "new_name"</note>
source.edit.kind.active:
  3:5-5:13 "return new_name()"
  <note>source.refactoring.range.kind.basename 1:8-1:16 "new_name"</note>
