// REQUIRES: OS=macosx
// RUN: %target-swift-frontend -typecheck %s -swift-version 3
// RUN: %target-swift-frontend -typecheck -update-code -primary-file %s -emit-migrated-file-path %t.result -swift-version 3
// RUN: diff -u %s.expected %t.result
// RUN: %target-swift-frontend -typecheck %s.expected -swift-version 4

import AppKit

func a(_ outlineView: NSOutlineView) {
  let cell: NSTableCellView = outlineView.makeView(withIdentifier: NSTableView.ReusableViewIdentifier(rawValue: "HeaderCell"), owner: outlineView) as! NSTableCellView
}
