// REQUIRES: objc_interop
// RUN: %empty-directory(%t) && %target-swift-frontend -c -update-code -primary-file %s -F %S/mock-sdk -api-diff-data-file %S/Inputs/qualified.json -emit-migrated-file-path %t/qualified-replacement.swift.result -emit-remap-file-path %t/qualified-replacement.swift.remap -o /dev/null
// RUN: diff -u %S/qualified-replacement.swift.expected %t/qualified-replacement.swift.result

import Bar
func foo() {
  _ = NewPropertyUserInterface.newFieldPlus
  NewPropertyUserInterface.newMethodPlus(1)
  _ = NewFooComparisonResult.NewFooOrderedSame
  let _ : FooComparisonResult = NewFooComparisonResult.NewFooOrderedSame
}
