// REQUIRES: objc_interop
// RUN: %empty-directory(%t.mod)
// RUN: %target-swift-frontend -emit-module -o %t.mod/Cities.swiftmodule %S/Inputs/Cities.swift -module-name Cities -parse-as-library
// RUN: %empty-directory(%t) && %target-swift-frontend -c -update-code -primary-file %s  -I %t.mod -api-diff-data-file %S/Inputs/string-representable.json -emit-migrated-file-path %t/string-representable.swift.result -disable-migrator-fixits -o /dev/null
// RUN: diff -u %S/string-representable.swift.expected %t/string-representable.swift.result

import Cities

func foo(_ c: Container) -> String {
  c.Value = NewAttribute(rawValue: "")
  c.addingAttributes(convertToCitiesContainerAttributeDictionary(["a": "b", "a": "b", "a": "b"]))
  c.addingAttributes(convertToCitiesContainerAttributeDictionary(["a": "b", "a": "b", "a": "b"]))
  c.adding(attributes: convertToSimpleAttributeDictionary(["a": 1, "a": 2, "a": 3]))
  c.adding(optionalAttributes: convertToOptionalSimpleAttributeDictionary(["a": 1, "a": 2, "a": 3]))
  _ = Container(optionalAttributes: convertToOptionalSimpleAttributeDictionary(nil))
  _ = Container(optionalAttrArray: convertToOptionalSimpleAttributeArray(nil))
  c.adding(attrArray: convertToSimpleAttributeArray(["key1", "key2"]))
  return c.Value.rawValue
}

// Helper function inserted by Swift 4.2 migrator.
fileprivate func convertToCitiesContainerAttributeDictionary(_ input: [String: Any]) -> [Cities.Container.Attribute: Any] {
	return Dictionary(uniqueKeysWithValues: input.map { key, value in (Cities.Container.Attribute(rawValue: key), value)})
}

// Helper function inserted by Swift 4.2 migrator.
fileprivate func convertToSimpleAttributeDictionary(_ input: [String: Any]) -> [SimpleAttribute: Any] {
	return Dictionary(uniqueKeysWithValues: input.map { key, value in (SimpleAttribute(rawValue: key), value)})
}

// Helper function inserted by Swift 4.2 migrator.
fileprivate func convertToOptionalSimpleAttributeDictionary(_ input: [String: Any]?) -> [SimpleAttribute: Any]? {
	guard let input = input else { return nil }
	return Dictionary(uniqueKeysWithValues: input.map { key, value in (SimpleAttribute(rawValue: key), value)})
}

// Helper function inserted by Swift 4.2 migrator.
fileprivate func convertToOptionalSimpleAttributeArray(_ input: [String]?) -> [SimpleAttribute]? {
	guard let input = input else { return nil }
	return input.map { key in SimpleAttribute(key) }
}

// Helper function inserted by Swift 4.2 migrator.
fileprivate func convertToSimpleAttributeArray(_ input: [String]) -> [SimpleAttribute] {
	return input.map { key in SimpleAttribute(key) }
}
