source.edit.kind.active:
  7:10-7:11 "_"
  7:11-7:11 " a"
source.edit.kind.active:
  17:21-17:22 ""
  17:22-17:24 ""
source.edit.kind.active:
source.edit.kind.string:
source.edit.kind.selector:
  23:23-23:24 "_"
source.edit.kind.selector:
source.edit.kind.selector:
source.edit.kind.string:
source.edit.kind.active:
  26:27-26:28 ""
  26:28-26:29 ""
source.edit.kind.string:
