source.edit.kind.active:
  84:10-84:11 "NewP"
source.edit.kind.active:
  86:18-86:19 "NewP"
source.edit.kind.active:
  91:16-91:17 "NewP"
source.edit.kind.active:
  91:33-91:34 "NewP"
source.edit.kind.active:
  91:57-91:58 "NewP"
source.edit.kind.active:
  91:63-91:64 "NewP"
source.edit.kind.active:
  91:74-91:75 "NewP"
