source.edit.kind.active:
  66:7-66:8 "new_x"
source.edit.kind.active:
  75:32-75:33 "new_x"
source.edit.kind.active:
  75:59-75:60 "new_x"
source.edit.kind.active:
  71:7-71:8 "new_m"
source.edit.kind.active:
  75:17-75:18 "new_m"
source.edit.kind.active:
  72:7-72:8 "new_n"
source.edit.kind.active:
  75:39-75:40 "new_n"
source.edit.kind.active:
  65:8-65:19 "NewMemberwise1"
source.edit.kind.active:
  75:20-75:31 "NewMemberwise1"
source.edit.kind.active:
  75:42-75:53 "NewMemberwise1"
source.edit.kind.active:
  70:8-70:19 "NewMemberwise2"
source.edit.kind.active:
  75:5-75:16 "NewMemberwise2"
