//===--- module.map -------------------------------------------------------===//
//
// This source file is part of the Swift.org open source project
//
// Copyright (c) 2014 - 2015 Apple Inc. and the Swift project authors
// Licensed under Apache License v2.0 with Runtime Library Exception
//
// See http://swift.org/LICENSE.txt for license information
// See http://swift.org/CONTRIBUTORS.txt for the list of Swift project authors
//
//===----------------------------------------------------------------------===//

/// This is a semi-complete modulemap that maps glibc's headers in a roughly
/// similar way to the Darwin SDK modulemap. We do not take care to list every
/// single header which may be included by a particular submodule, so there can
/// still be issues if imported into the same context as one in which someone
/// included those headers directly.
///
/// It's not named just Glibc so that it doesn't conflict in the event of a
/// future official glibc modulemap.
module SwiftGlibc [system] {
  link "pthread"
  link "dl"

  // C standard library
  module C {
    module complex {
      header "/usr/include/complex.h"
      export *
    }
    module ctype {
      header "/usr/include/ctype.h"
      export *
    }
    module errno {
      header "/usr/include/errno.h"
      export *
    }

    // glibc specific
    module features {
      header "/usr/include/features.h"
      export *
    }

    module fenv {
      header "/usr/include/fenv.h"
      export *
    }
    
    // note: supplied by compiler
    // module float {
    //   header "/usr/include/float.h"
    //   export *
    // }
    
    module inttypes {
      header "/usr/include/inttypes.h"
      export *
    }
    
    // note: potentially supplied by compiler
    // module iso646 {
    //   header "/usr/include/iso646.h"
    //   export *
    // }
    // module limits {
    //   header "/usr/include/limits.h"
    //   export *
    // }
    
    module locale {
      header "/usr/include/locale.h"
      export *
    }
    module math {
      header "/usr/include/math.h"
      export *
    }
    module setjmp {
      header "/usr/include/setjmp.h"
      export *
    }
    module signal {
      header "/usr/include/signal.h"
      export *
    }

    // note: supplied by the compiler
    // module stdarg {
    //   header "/usr/include/stdarg.h"
    //   export *
    // }
    // module stdbool {
    //   header "/usr/include/stdbool.h"
    //   export *
    // }
    // module stddef {
    //   header "/usr/include/stddef.h"
    //   export *
    // }    
    // module stdint {
    //   header "/usr/include/stdint.h"
    //   export *
    // }
    
    module stdio {
      header "/usr/include/stdio.h"
      export *
    }
    module stdlib {
      header "/usr/include/stdlib.h"
      export *
      export stddef
    }
    module string {
      header "/usr/include/string.h"
      export *
    }

    // note: supplied by the compiler
    // explicit module tgmath {
    //   header "/usr/include/tgmath.h"
    //   export *
    // }
    
    module time {
      header "/usr/include/time.h"
      export *
    }
  }

  // POSIX
  module POSIX {
    module aio {
      header "/usr/include/aio.h"
      export *
    }
    module arpa {
      module inet {
        header "/usr/include/arpa/inet.h"
        export *
      }
      export *
    }
    module cpio {
      header "/usr/include/cpio.h"
      export *
    }
    module dirent {
      header "/usr/include/dirent.h"
      export *
    }
    module dlfcn {
      header "/usr/include/dlfcn.h"
      export *
    }
    module fcntl {
      header "/usr/include/fcntl.h"
      export *
    }
    module fmtmsg {
      header "/usr/include/fmtmsg.h"
      export *
    }
    module fnmatch {
      header "/usr/include/fnmatch.h"
      export *
    }
    module ftw {
      header "/usr/include/ftw.h"
      export *
    }
    module glob {
      header "/usr/include/glob.h"
      export *
    }
    module grp {
      header "/usr/include/grp.h"
      export *
    }
    module iconv {
      header "/usr/include/iconv.h"
      export *
    }
    module ioctl {
      header "/usr/include/x86_64-linux-gnu/sys/ioctl.h"
      export *
    }
    module langinfo {
      header "/usr/include/langinfo.h"
      export *
    }
    module libgen {
      header "/usr/include/libgen.h"
      export *
    }
    module monetary {
      header "/usr/include/monetary.h"
      export *
    }
    module netdb {
      header "/usr/include/netdb.h"
      export *
    }
    module net {
      module if {
        header "/usr/include/net/if.h"
        export *
      }
    }
    module netinet {
      module in {
        header "/usr/include/netinet/in.h"
        export *

        exclude header "/usr/include/netinet6/in6.h"
      }
      module tcp {
        header "/usr/include/netinet/tcp.h"
        export *
      }
    }
    module nl_types {
      header "/usr/include/nl_types.h"
      export *
    }
    module poll {
      header "/usr/include/poll.h"
      export *
    }
    module pthread {
      header "/usr/include/pthread.h"
      export *
    }
    module pwd {
      header "/usr/include/pwd.h"
      export *
    }
    module regex {
      header "/usr/include/regex.h"
      export *
    }
    module sched {
      header "/usr/include/sched.h"
      export *
    }
    module search {
      header "/usr/include/search.h"
      export *
    }
    module semaphore {
      header "/usr/include/semaphore.h"
      export *
    }
    module spawn {
      header "/usr/include/spawn.h"
      export *
    }
    module strings {
      header "/usr/include/strings.h"
      export *
    }

    module sys {
      export *

      module ipc {
        header "/usr/include/x86_64-linux-gnu/sys/ipc.h"
        export *
      }
      module mman {
        header "/usr/include/x86_64-linux-gnu/sys/mman.h"
        export *
      }
      module msg {
        header "/usr/include/x86_64-linux-gnu/sys/msg.h"
        export *
      }
      module resource {
        header "/usr/include/x86_64-linux-gnu/sys/resource.h"
        export *
      }
      module select {
        header "/usr/include/x86_64-linux-gnu/sys/select.h"
        export *
      }
      module sem {
        header "/usr/include/x86_64-linux-gnu/sys/sem.h"
        export *
      }
      module shm {
        header "/usr/include/x86_64-linux-gnu/sys/shm.h"
        export *
      }
      module socket {
        header "/usr/include/x86_64-linux-gnu/sys/socket.h"
        export *
      }
      module stat {
        header "/usr/include/x86_64-linux-gnu/sys/stat.h"
        export *
      }
      module statvfs {
        header "/usr/include/x86_64-linux-gnu/sys/statvfs.h"
        export *
      }
      module time {
        header "/usr/include/x86_64-linux-gnu/sys/time.h"
        export *
      }
      module times {
        header "/usr/include/x86_64-linux-gnu/sys/times.h"
        export *
      }
      module types {
        header "/usr/include/x86_64-linux-gnu/sys/types.h"
        export *
      }
      module uio {
        header "/usr/include/x86_64-linux-gnu/sys/uio.h"
        export *
      }
      module un {
        header "/usr/include/x86_64-linux-gnu/sys/un.h"
        export *
      }
      module utsname {
        header "/usr/include/x86_64-linux-gnu/sys/utsname.h"
        export *
      }
      module wait {
        header "/usr/include/x86_64-linux-gnu/sys/wait.h"
        export *
      }
    }
    module syslog {
      header "/usr/include/syslog.h"
      export *
    }
    module tar {
      header "/usr/include/tar.h"
      export *
    }
    module termios {
      header "/usr/include/termios.h"
      export *
    }
    module ulimit {
      header "/usr/include/ulimit.h"
      export *
    }
    module unistd {
      header "/usr/include/unistd.h"
      export *
    }
    module utime {
      header "/usr/include/utime.h"
      export *
    }
    module utmpx {
      header "/usr/include/utmpx.h"
      export *
    }
    module wait {
      header "/usr/include/wait.h"
      export *
    }
    module wordexp {
      header "/usr/include/wordexp.h"
      export *
    }
  }
}
