source.edit.kind.active:
  2:20-2:24 "p"
source.edit.kind.active:
  32:24-32:28 "p"
source.edit.kind.active:
  17:29-17:33 "p"
source.edit.kind.active:
  5:20-5:24 "p"
  6:23-6:24 "b"
source.edit.kind.active:
  33:24-33:28 "p"
  33:48-33:49 "b"
source.edit.kind.active:
  7:15-7:16 "b"
source.edit.kind.active:
  21:29-21:33 "p"
  21:48-21:49 "b"
