public class C {
fileprivate func new_name4(_ aaa: inout Int) {
aaa = aaa + 3
  if aaa == 3 { aaa = 4 }
}

/// Insert before this.
public func foo() -> Int{
  var aaa = 1 + 2
  new_name4(&aaa)
  return aaa
}
public func new_name() {}
public func new_name1() {}
public func new_name2() {}
public func new_name3() {}
}

